---
source: tests/snapshots.rs
expression: "charts::buffer_text(&charts::render(&figure))"
---
Different confidence methods, the same Qwen answers
Qwen3.8-27B's answers, the same for every method: 1,191 correct of 2,198


Accuracy among accepted answers
100% ⢠ ⠤⠤⠤⠤⠤⠤⠤⠤⠤⠤⠤⠤⣤⣄⡀
     ⢸               ⠉⠙⠫⠵⠶⢖⣒⠤⢄⡀
     ⢸                      ⠉⠑⠪⠭⣉⠑⠒⠤⣀
     ⢸ ⡆                         ⠉⠒⠢⠤⣉⣑⠢⠤⣀⡀
     ⢸ ⢹⠉⠉⠉⠉⠉⠉⠉⠉⠉⠉⠉⠉⠉⠉⠉⠉⠉⠉⠉⠉⠉⠉⠉⠉⠉⠉⠉⠉⠉⠉⠉⠉⠙⠫⢞⣵⣢⣀
 80% ⢸  ⡇                                   ⠉⠳⢯⡵⣢⡤⣀
     ⢸  ⢱                                      ⠈⠑⠚⠵⣫⠶⢤⣀⣀⣀
     ⢸  ⠈⡆                                          ⠉⠑⠢⢍⣉⠛⠛⠶⢦⣤⣀
     ⢸   ⠘⡄                                              ⠉⠉⠒⠢⠤⢍⣛⠶⠶⣤⣤⣀⡀
     ⢸    ⠈⠒⢄⡀                                                  ⠉⠉⠒⠒⠭⠽⠿⢷⣶⣤⣤⣀⣀
 60% ⢸       ⠈⠑⠢⠤⢄⣀                                                      ⠉⠉⠉⠉⠛⠳⠶⠦⠤⣤⣤⣀⣀
     ⢸             ⠉⠉⠉⠉⠉⠑⠒⠒⠒⠒⠒⠒⠒⠤⠤⠤⠤⠤⠤⠤⠤⠤⠤⠤⠤⠤⠤⠤⠤⣀⣀⣀⣀⣀⣀⣀⣀⣀⣀⣀⣀⣀⣀⣀⣀⣀⣀⣀⣀⣀⣀⣀⣀⣀⣀⣀⣀⣀⣀⣀⣀⣀⣀⣀⣀⣉⣉⣉⣑⣒⣲⣶⣤⣤⣤⣤⣀
     ⢸
     ⢸
     ⢸
 40% ⠸⠤⠤⠤⠤⠤⠤⠤⠤⠤⠤⠤⠤⠤⠤⠤⠤⠤⠤⠤⠤⠤⠤⠤⠤⠤⠤⠤⠤⠤⠤⠤⠤⠤⠤⠤⠤⠤⠤⠤⠤⠤⠤⠤⠤⠤⠤⠤⠤⠤⠤⠤⠤⠤⠤⠤⠤⠤⠤⠤⠤⠤⠤⠤⠤⠤⠤⠤⠤⠤⠤⠤⠤⠤⠤⠤⠤⠤⠤⠤⠤⠤⠤⠤⠤⠤⠤⠤⠤⠤⠤
    0%                20%               40%               60%               80%              100%
                                      Share of answers accepted

━━ stated confidence, AUROC 0.515   ━━ Open-Jev probability, AUROC 0.819
━━ share of 10 samples agreeing, AUROC 0.779   ━━ Qwen3.8-27B (yes/no) probability, AUROC 0.782
