---
source: tests/snapshots.rs
expression: "charts::buffer_text(&charts::render(&figure))"
---
How routing accuracy changes as the cheaper model answers more questions
In-sample thresholds (●): chosen and scored on all questions; held-out results in the table below.
The first model answers its most confident share (x) and the frontier run the rest; grey line: the frontier run alone.

First models, part 1 of 3 → GPT-6 Astra (low)         First models, part 2 of 3 → GPT-6 Astra (low)         First models, part 3 of 3 → GPT-6 Astra (low)
Accuracy of the two-model pipeline                    Accuracy of the two-model pipeline                    Accuracy of the two-model pipeline
100% ⡄                                                100% ⡄                                                100% ●⣀⣀●●⣀⣀⣀⣀⣀⣀⣀⣀⣀⣀⣀⣀⣀⣀⣀⣀⣀⣀⣀⣀⣀⣀⣀⣀⣀⣀⣀⣀⣀⣀⣀⣀⣀⣀⣀⣀⣀⣀
     ●⠉⠉⠉⠉●⠉●●⠉⠉⠛⠛⠻⠿⣿⣿⣿⣿⣭⣭⣍⣉⠉⠉⠉⠉⠉⠉⠉⠉⠉⠉⠉⠉⠉⠉⠉⠉⠉⠉⠉⠉           ⡏⠉⠉●⠉●●●⠉⠛⠛⠛⠿⠿⣭⣭⣉⡉⠉⠉⠉⠉⠉⠉⠉⠉⠉⠉⠉⠉⠉⠉⠉⠉⠉⠉⠉⠉⠉⠉⠉⠉⠉           ⡇ ⠈⠑⠪⠭⣝⠓⠒⠮⠭⣍⣉⠑⠒⠶⠤⣄⣀⡀
     ⡇                ⠑⠪⢍⣛⠾⣻⢯⣍⣒⠤⢄⡀                         ⡇              ⠉⠛⠾⢯⣶⡤⣀                                ⡇      ⠉⠑⠢⢄⡀⠉⠉⠻⠶⣢⡤⣌⠉⠛⠒⠦⣄⣀
     ⡇                    ⠉⠒⠭⢕⠭⢗⡦⣌⡉⠒⠦⣀⡀                    ⡇                  ⠉⠛⢿⣿⡶⡤⣀                        80% ⡇          ⠈⠑⠢⢤⡀ ⠉⠒⠫⣉⡒⠤⣀⡈⠙⠒⠦⣄⡀
     ⡇                        ⠉⠑⢌⡑⠭⣓⢦⡀⠘⠢⢄⡀                 ⡇                     ⠈⠙⠺⢦⣑⠢⡄                         ⡇              ⠈⠑⠢⣄⡀ ⠈⠑⠤⣉⡑⠒⢄⣀⠈⠙⠢⢤⣀
 80% ⡇                           ⠈⠒⢢⠉⠪⡑⢄⡀⠘⠢⢄⡀          80% ⡇                         ⠉⠓⣞⢕⠢⡄                      ⡇                  ⠈⠑⠦⢄⡀ ⠈⠒⠤⣄⠉⠢⠤⣀⠈⠙⠒⢤⣀
     ⡇                              ⠉⠑⠪⡒⢌⠱⢄⡀⠘⠤⣀            ⡇                            ⠉⠳⣌⡑⠢⡀               60% ⡇                      ⠈⠒⠤⣀  ⠉⠑⠦⢌⡑⠢⢄  ⠉⠒⠤⣀
     ⡇                                 ⠈⠢⢍⠢⡉⠲⣄ ⠉           ⡇                              ⠈⠙⢶⣌⠑⢤                 ⡇                          ⠑⠢⢄⡀  ⠈⠑⠢⢍⠑⠢⣀  ⠉
     ⡇                                    ⠑⠬⡢⢄⠑⣦           ⡇                                 ⠙⠳⣦⡑⠢⡀              ⡇                             ⠈⠒⠤⣀   ⠉⠒⠢⣉⠲⠤
     ⡇                                      ⠈⠢⡑⠢           ⡇                                   ⠈⠛⢶⣌⠢⡀        40% ⡇                                 ⠑⠢⢄⡀   ⠉⠒
 60% ⡇                                        ⠈⠒       60% ⡇                                      ⠙⢷⣬⡓           ⡇                                    ⠈⠑⠢⣀
     ⡇                                                     ⡇                                        ⠈⠯           ⡇                                        ⠉⠒
     ⡇                                                     ⡇                                                 20% ⡇
     ⡇                                                     ⡇                                                     ⡇
     ⡇                                                     ⡇                                                     ⡇
 40% ⠧⠤⠤⠤⠤⠤⠤⠤⠤⠤⠤⠤⠤⠤⠤⠤⠤⠤⠤⠤⠤⠤⠤⠤⠤⠤⠤⠤⠤⠤⠤⠤⠤⠤⠤⠤⠤⠤⠤⠤⠤⠤⠤       40% ⠧⠤⠤⠤⠤⠤⠤⠤⠤⠤⠤⠤⠤⠤⠤⠤⠤⠤⠤⠤⠤⠤⠤⠤⠤⠤⠤⠤⠤⠤⠤⠤⠤⠤⠤⠤⠤⠤⠤⠤⠤⠤⠤        0% ⠧⠤⠤⠤⠤⠤⠤⠤⠤⠤⠤⠤⠤⠤⠤⠤⠤⠤⠤⠤⠤⠤⠤⠤⠤⠤⠤⠤⠤⠤⠤⠤⠤⠤⠤⠤⠤⠤⠤⠤⠤⠤⠤
    0%      20%      40%     60%      80%    100%         0%      20%      40%     60%      80%    100%         0%      20%      40%     60%      80%    100%
      Share answered by the cheaper first model             Share answered by the cheaper first model             Share answered by the cheaper first model

━━ Gemma 4 31B (off)   ━━ Fastino GLiDE               ━━ Decider v1   ━━ Jev   ━━ Clef   ━━ d1              ━━ Cygnet   ━━ Winnow-12B   ━━ Clef-flash
━━ Decider v1.1                                       ━━ Open-Jev   ━━ GPT-6 Astra (low) alone              ━━ Metask-Jev 4B   ━━ Strands Decider 2B
━━ GPT-6 Luna (Decisions API, beta)                                                                         ━━ GPT-6 Astra (low) alone
━━ Celeris-1 Decision
━━ GPT-6 Astra (low) alone

First models, part 1 of 3 → Opus 5.5 (low)            First models, part 2 of 3 → Opus 5.5 (low)            First models, part 3 of 3 → Opus 5.5 (low)
Accuracy of the two-model pipeline                    Accuracy of the two-model pipeline                    Accuracy of the two-model pipeline
100% ⡄                                                100% ⡄                                                100% ⡄
     ⡇                                                     ⡇                                                     ●⣀⣀⣀●⣀⣀●⣀⣀⣀⣀⣀⣀⣀⣀⣀⣀⣀⣀⣀⣀⣀⣀⣀⣀⣀⣀⣀⣀⣀⣀⣀⣀⣀⣀⣀⣀⣀⣀⣀⣀⣀
     ⣇⣀⣀⣀⣀●⣀⣀●●⣀⣀⣀⣀⣀⣀⣀⣀⣀⣀⣀⣀⣀⣀⣀⣀⣀⣀⣀⣀⣀⣀⣀⣀⣀⣀⣀⣀⣀⣀⣀⣀⣀           ⣇⣀⣀●⣀●⣀●⣀⣀⣀⣀⣀⣀⣀⣀⣀⣀⣀⣀⣀⣀⣀⣀⣀⣀⣀⣀⣀⣀⣀⣀⣀⣀⣀⣀⣀⣀⣀⣀⣀⣀⣀           ⡇⠈⠉⠛⠫⠭⣝⠓⠒⠫⠭⣭⣉⣙⡓⠲⠶⣤⣄⣀⡀
     ⡇          ⠉⠉⠉⠙⠛⠻⢟⣻⡿⢿⣶⣶⡤⠤⠤⣀⣀                          ⡇        ⠈⠉⠉⠙⠛⠻⠶⣶⣦⣄⣀                              80% ⡇      ⠉⠑⠢⢄⣀⠈⠉⠛⠵⢖⡒⠤⣈⣉⠉⠒⠦⢤⣄⡀
     ⡇                  ⠈⠑⠒⠭⠽⡛⠷⢤⣤⡉⠑⠒⠤⣀⡀                    ⡇                ⠉⠙⠻⢿⣒⣦⣄⣀                             ⡇          ⠈⠉⠒⠢⣀⡀⠈⠑⠲⠤⣉⡑⠢⠤⣈⡉⠙⠳⠦⢄⣀
 80% ⡇                       ⠈⠑⠒⢌⡉⠛⠶⡦⣄⡈⠒⠤⢄⡀            80% ⡇                    ⠈⠉⠓⠷⣯⡒⠤⡀                         ⡇               ⠈⠑⠦⢄⡀ ⠈⠒⠤⢤⡈⠓⠢⠤⡀⠈⠙⠳⠦⢄⣀
     ⡇                           ⠈⠑⠢⣈⡒⠫⣒⠤⣀⠈⠉⠢⢄⣀            ⡇                        ⠈⠉⠓⣞⣕⠢⣄                  60% ⡇                   ⠈⠑⠒⢤⡀ ⠈⠉⠢⠤⣈⡉⠒⠤⣀⡀⠈⠉⠓⠢⢄⣀
     ⡇                               ⠈⠑⠢⡑⠪⢝⠲⢤⡀ ⠉           ⡇                            ⠉⠛⢦⣍⠲⠤⡀                  ⡇                       ⠈⠉⠒⢄⣀  ⠉⠑⠲⠤⣈⠒⠢⢤⡀  ⠉
     ⡇                                  ⠈⠉⠢⣑⠤⢍⠓⣦           ⡇                               ⠈⠻⢦⣌⡑⠤⣀               ⡇                            ⠉⠲⢄⡀   ⠉⠒⠤⢬⡉⠲⠤
     ⡇                                      ⠑⠤⡑⠢           ⡇                                  ⠈⠻⢶⣄⡑⠤⡀        40% ⡇                               ⠈⠉⠢⢄⡀   ⠈⠉⠒
 60% ⡇                                        ⠈⠒       60% ⡇                                     ⠉⠻⣦⣈⠓           ⡇                                   ⠈⠉⠒⢤⣀
     ⡇                                                     ⡇                                        ⠉⠯           ⡇                                        ⠉⠒
     ⡇                                                     ⡇                                                 20% ⡇
     ⡇                                                     ⡇                                                     ⡇
     ⡇                                                     ⡇                                                     ⡇
 40% ⠧⠤⠤⠤⠤⠤⠤⠤⠤⠤⠤⠤⠤⠤⠤⠤⠤⠤⠤⠤⠤⠤⠤⠤⠤⠤⠤⠤⠤⠤⠤⠤⠤⠤⠤⠤⠤⠤⠤⠤⠤⠤⠤       40% ⠧⠤⠤⠤⠤⠤⠤⠤⠤⠤⠤⠤⠤⠤⠤⠤⠤⠤⠤⠤⠤⠤⠤⠤⠤⠤⠤⠤⠤⠤⠤⠤⠤⠤⠤⠤⠤⠤⠤⠤⠤⠤⠤        0% ⠧⠤⠤⠤⠤⠤⠤⠤⠤⠤⠤⠤⠤⠤⠤⠤⠤⠤⠤⠤⠤⠤⠤⠤⠤⠤⠤⠤⠤⠤⠤⠤⠤⠤⠤⠤⠤⠤⠤⠤⠤⠤⠤
    0%      20%      40%     60%      80%    100%         0%      20%      40%     60%      80%    100%         0%      20%      40%     60%      80%    100%
      Share answered by the cheaper first model             Share answered by the cheaper first model             Share answered by the cheaper first model

━━ Gemma 4 31B (off)   ━━ Fastino GLiDE               ━━ Decider v1   ━━ Jev   ━━ Clef   ━━ d1              ━━ Cygnet   ━━ Winnow-12B   ━━ Clef-flash
━━ Decider v1.1                                       ━━ Open-Jev   ━━ Opus 5.5 (low) alone                 ━━ Metask-Jev 4B   ━━ Strands Decider 2B
━━ GPT-6 Luna (Decisions API, beta)                                                                         ━━ Opus 5.5 (low) alone
━━ Celeris-1 Decision   ━━ Opus 5.5 (low) alone

First models, part 1 of 3 → Sonnet 5.5 (high)         First models, part 2 of 3 → Sonnet 5.5 (high)         First models, part 3 of 3 → Sonnet 5.5 (high)
Accuracy of the two-model pipeline                    Accuracy of the two-model pipeline                    Accuracy of the two-model pipeline
100% ⡄                                                100% ⡄                                                100% ⡄
     ⡇                                                     ⡇                                                     ⡇
     ⡇                                                     ⡇                                                     ●⣤●⣤⣤⣤⣤⡤⠤●●⣤⣤⣤⣤⣤⠤⠤⠤⠤⠤⠤⠤⠤⠤⠤⠤⠤⠤⠤⠤⠤⠤⠤⠤⠤⠤⠤⠤⠤⠤⠤⠤
     ⡇           ⢀⣀⡀ ⣀⣀⣀⣀⣀⣀⣀                               ⡇                                                 80% ⡇  ⠉⠑⠒⠮⢍⣉⠙⠓⠲⠶⣤⣤⣉⣉⡛⠓⠒⠶⠤⢤⣀⣀⡀
     ⡏⠉⠉⠉⠉⠉⠉⠉⠉⠉⠉⠉⠉⠉●⠛⠛⠿⢟●●⢟⣿⢭⣍⣉●⠛⠫⠭⣉⣉⠉⠉⠉⠉⠉⠉⠉⠉⠉⠉⠉           ⡏⠉⠉⠉⠉⠉⠉⠉⠉⠙●●●●⠻●⠿⣟⣫⡭⣉⣉⠉⠉⠉⠉⠉⠉⠉⠉⠉⠉⠉⠉⠉⠉⠉⠉⠉⠉⠉⠉⠉           ⡇       ⠈⠉⠒⠢⢄⣀ ⠉⠑⠚⠭⢕⣒⠦⠤⣀⡉⠉⠛⠒⠦⠤⣀⡀
 80% ⡇                  ⠈⠉⠉⠒⠛⠭⣚⡫⠽⠷⡦⢤⣄⡉⠑⠢⠤⣀             80% ⡇                 ⠈⠙⠛⠶⢯⣭⣒⠢⣀⡀                          ⡇             ⠉⠒⠤⢄⡀  ⠉⠒⠤⢍⣑⠒⠦⢄⣀ ⠉⠓⠲⢤⣀⣀
     ⡇                         ⠈⠒⠢⢌⡉⠙⠭⢿⠦⣄⡈⠉⠑⠢⣀⣀            ⡇                      ⠈⠙⠳⢦⣌⣓⠤⣀⡀                  60% ⡇                 ⠉⠑⠒⠤⢄⡀ ⠈⠉⠒⠤⣀⡉⠒⠢⢄⣀ ⠉⠙⠒⠦⣄⣀
     ⡇                             ⠈⠉⠢⠤⢍⠢⢝⡒⠶⣤⡀ ⠉           ⡇                          ⠈⠛⠷⢶⣍⡒⢤⣀                   ⡇                      ⠈⠑⠢⢄⡀  ⠈⠑⠒⠤⣀⡙⠒⠢⢤⡀  ⠉
     ⡇                                  ⠑⠢⢌⡒⢄⣉⠳⣦           ⡇                              ⠉⠛⢶⣄⡉⠲⢄⡀               ⡇                          ⠈⠉⠒⠢⣀   ⠈⠙⠢⠤⢌⡉⠲⠤
     ⡇                                     ⠈⠑⢄⡑⠢           ⡇                                 ⠈⠙⠳⣦⣈⠑⢄⡀        40% ⡇                               ⠉⠑⠦⢄    ⠈⠉⠒
 60% ⡇                                        ⠈⠒       60% ⡇                                    ⠈⠙⢳⣦⣈⠓           ⡇                                   ⠉⠑⠢⢤⡀
     ⡇                                                     ⡇                                        ⠑⠯           ⡇                                       ⠈⠉⠒
     ⡇                                                     ⡇                                                 20% ⡇
     ⡇                                                     ⡇                                                     ⡇
     ⡇                                                     ⡇                                                     ⡇
 40% ⠧⠤⠤⠤⠤⠤⠤⠤⠤⠤⠤⠤⠤⠤⠤⠤⠤⠤⠤⠤⠤⠤⠤⠤⠤⠤⠤⠤⠤⠤⠤⠤⠤⠤⠤⠤⠤⠤⠤⠤⠤⠤⠤       40% ⠧⠤⠤⠤⠤⠤⠤⠤⠤⠤⠤⠤⠤⠤⠤⠤⠤⠤⠤⠤⠤⠤⠤⠤⠤⠤⠤⠤⠤⠤⠤⠤⠤⠤⠤⠤⠤⠤⠤⠤⠤⠤⠤        0% ⠧⠤⠤⠤⠤⠤⠤⠤⠤⠤⠤⠤⠤⠤⠤⠤⠤⠤⠤⠤⠤⠤⠤⠤⠤⠤⠤⠤⠤⠤⠤⠤⠤⠤⠤⠤⠤⠤⠤⠤⠤⠤⠤
    0%      20%      40%     60%      80%    100%         0%      20%      40%     60%      80%    100%         0%      20%      40%     60%      80%    100%
      Share answered by the cheaper first model             Share answered by the cheaper first model             Share answered by the cheaper first model

━━ Gemma 4 31B (off)   ━━ Fastino GLiDE               ━━ Decider v1   ━━ Jev   ━━ Clef   ━━ d1              ━━ Cygnet   ━━ Winnow-12B   ━━ Clef-flash
━━ Decider v1.1                                       ━━ Open-Jev   ━━ Sonnet 5.5 (high) alone              ━━ Metask-Jev 4B   ━━ Strands Decider 2B
━━ GPT-6 Luna (Decisions API, beta)                                                                         ━━ Sonnet 5.5 (high) alone
━━ Celeris-1 Decision
━━ Sonnet 5.5 (high) alone
