---
source: tests/snapshots.rs
expression: "charts::buffer_text(&charts::render(&figure))"
---
Where performance changes across 20 topics
Accuracy (y) by topic (x) for 6 runs. Topics 1–6: reading comprehension; 7–20: grammatical analysis.

                   reading comprehension                  grammatical analysis
            100% ⢰   ⣀⣀⠤⣀              ⣀⣀⡦⠤⠤⠤⢄⣀⣀⡠⢤⣔⣒⣢⡤⢄⣀⣀⣀⣀⡀      ⢀⣀⣀⣀⣀⣀⣀⣀⣀⣀        ⢀⡠⠤⣀⡀    ⢀⡀
                 ⢸ ⠨⠭⠒⠒⢉⢆⠑⠤⡀⢀⡠⡴⣾⣗⠒⠤⣀⠤⠒⣩⢖⠤⣇  ⢀⡠⠒⠉⠉⠁   ⠈⠉⠉⠑⠒⠢⢌⠑⠢⢄⡠⠔⠊⢁⣀⣀⠤⠤⠤⠤⠤⠤⡀⠉⠉⠒⠒⠒⠒⠒⠊⠁ ⡀ ⠈⠑⠒⠊⠉⠁
                 ⢸   ⣀⢔⣡⡉⠳⣄⡈⡡⢊⣼⠃⢻⡷⣄⡀⡠⡺⡱⢻⡄⡇⠉⠊⠁               ⠑⠢⡀⣀⠤⠊⠁        ⠈⠢⡀      ⡠⠊⠈⠢⡀     ⡀
                 ⢸ ⢠⠮⢒⠕⠉⢞⢄⠑⡌⡠⡞⡎  ⢏⢗⡌⡔⡝⡰⢻⣧⡇                    ⠈              ⠈⠢⠤⠤⠤⠤⠊    ⠑⢄⢀⡠⠔⠉
                 ⢸ ⢀⠔⠁  ⠈⢆⠱⡈⡜⡜   ⠈⡎⢎⠎⡰⠁⠘⣯⡇                                                ⠁
             80% ⢸       ⠈⢆⠈⢰⠁    ⠘⡄⡰⠁  ⢻⡿⡀        ⣀⠤⠔⠊⠑⡄             ⡠⡀              ⡀
                 ⢸        ⠈⢦⠃      ⠘⠁   ⠘⣷⢇      ⢀⠜     ⠈⠢⡀          ⡔⢁⠈⠢⡀           ⢠⠷⡤⣀     ⡄
                 ⢸                       ⣯⡞⣄    ⡠⠃        ⠑⢄       ⢀⠎ ⡎⢆ ⠈⢢          ⡼ ⢱ ⠉⠒⠒⠒⡞⠂
                 ⢸                       ⡟⣵ ⠉⠑⠢⠜  ⡰⠉⠑⠒⠢⢄⡀  ⠈⢆     ⡠⠃ ⡜ ⠈⢆  ⢣        ⢰⠇  ⢣   ⡜
             60% ⢸                       ⡇⢫⢆     ⡔⠁     ⠈⠑⠤⡀⠈⢢  ⡠⠊  ⢰⠁⡠⡀⠈⢆  ⢣       ⣾   ⠈⢆ ⡜ ⢠⠂
                 ⢸                       ⡇⠘⡄⠑⠢⡀⢀⠎ ⡠⠒⠒⠒⠒⠢⢄  ⠱⡀ ⠣⠊   ⢀⠇⡰⠁⠘⢄⠈⢆  ⢣     ⡸⡇    ⠈⠞ ⡠⠃
                 ⢸                       ⡇ ⠈⠑⠢⣈⢊⠔⠊       ⠑⠢⡀⢱      ⡎⡔⠁   ⠱⡀⢣  ⢣⣀⣀⣀⣠⢳⠁      ⡔⠁
                 ⢸                       ⡇     ⠁           ⠱⡀⢣   ⣀⠜⡜      ⠘⡄⢣      ⡎     ⢀⠜
                 ⢸                       ⡇                  ⠱⡀⢣⠤⠊⡠⠊        ⠘⡄⢣    ⢠⠃   ⡠⠔⠁
             40% ⢸                       ⡇                   ⠱⡀⢀⠜           ⠘⡄⠣⠤⠒⠒⠉  ⢠⠊
                 ⢸                       ⡇                    ⠑⠁             ⠘⡄     ⡰⠁
                 ⢸                       ⡇                                    ⠈⠑⠢⢄⡀⡔⠁
                 ⢸ ⠐⠢⠤⣀           ⡠⠊⢆    ⡇                               ⢠⠊⠒⠤⡀    ⠈              always E 22.7%
             20% ⢸⠭⠭⠭⠭⠭⠭⢯⠭⠭⠭⠭⠭⠭⠭⡭⠯⠭⠭⠭⠯⡭⠭⠭⡯⠭⠭⠭⠭⠭⠭⠭⠭⠭⠭⠭⠭⠭⠭⠭⠭⠭⠭⠭⠭⠭⠭⠭⡭⠯⠿⢭⠭⠭⢭⠽⠭⠭⠭⠭⠭⠽⠿⠿⠭⠭⠿⢭⠭⠭⠭⠭⠭⠭⠭⠭⠭⡭⠭⠅
                 ⢸       ⠑⢄  ⢀⠤⠊      ⠘⠤⣀⡇   ⢀⡠⠤⠤⠔⠒⠒⠤⢄⡀ ⣀⡠⠔⠒⠤⠤⣀⠔⠉    ⠉⠢⠊             ⠉⠒⠢⠤⢄⣀⠤⠒⠉   chance 20%
                 ⢸        ⠈⠢⠒⠁           ⡏⠑⠒⠉⠁        ⠈⠉
                 ⢸                       ⡇
                 ⢸                       ⡇
              0% ⠈⠉⠉⠉⠉⠉⠉⠉⠉⠉⠉⠉⠉⠉⠉⠉⠉⠉⠉⠉⠉⠉⠉⠉⠉⠉⠉⠉⠉⠉⠉⠉⠉⠉⠉⠉⠉⠉⠉⠉⠉⠉⠉⠉⠉⠉⠉⠉⠉⠉⠉⠉⠉⠉⠉⠉⠉⠉⠉⠉⠉⠉⠉⠉⠉⠉⠉⠉⠉⠉⠉⠉⠉⠉⠉⠉⠉⠉⠉⠁
                   1   2   3   4   5   6   7   8   9  10  11 12  13  14  15  16  17  18  19  20  topic
                  131 154 70  98  106 97  140 65  91  72  79 69  145 74  85  220 77  133 117 175 questions

━━ GPT-6 Astra (low)   ━━ DeepSeek-V4.1-Flash (on)   ━━ Gemma 4 31B (off)   ━━ DeepSeek-V4.1-Flash (off)   ━━ Jev
━━ Laya
